Java HotSpot(TM) 64-Bit Server VM (25.192-b12) for bsd-amd64 JRE (1.8.0_192-b12), built on Oct  6 2018 09:36:52 by "java_re" with gcc 4.2.1 (Based on Apple Inc. build 5658) (LLVM build 2336.11.00)
Memory: 4k page, physical 16777216k(1370828k free)

/proc/meminfo:

CommandLine flags: -XX:InitialHeapSize=536870912 -XX:MaxHeapSize=536870912 -XX:+PrintGC -XX:+PrintGCDateStamps -XX:+PrintGCDetails -XX:+PrintGCTimeStamps -XX:+UseCompressedClassPointers -XX:+UseCompressedOops -XX:+UseParallelGC 
2021-05-06T11:23:15.261-0800: 0.411: [GC (Allocation Failure) [PSYoungGen: 131417K->21500K(153088K)] 131417K->41583K(502784K), 0.0190292 secs] [Times: user=0.02 sys=0.08, real=0.02 secs] 
2021-05-06T11:23:15.306-0800: 0.456: [GC (Allocation Failure) [PSYoungGen: 153072K->21503K(153088K)] 173154K->82005K(502784K), 0.0285956 secs] [Times: user=0.03 sys=0.12, real=0.03 secs] 
2021-05-06T11:23:15.358-0800: 0.508: [GC (Allocation Failure) [PSYoungGen: 153087K->21494K(153088K)] 213589K->124062K(502784K), 0.0236298 secs] [Times: user=0.04 sys=0.08, real=0.03 secs] 
2021-05-06T11:23:15.404-0800: 0.555: [GC (Allocation Failure) [PSYoungGen: 153078K->21487K(153088K)] 255646K->167748K(502784K), 0.0637211 secs] [Times: user=0.08 sys=0.19, real=0.06 secs] 
2021-05-06T11:23:15.503-0800: 0.653: [GC (Allocation Failure) [PSYoungGen: 153071K->21501K(153088K)] 299332K->206069K(502784K), 0.0224849 secs] [Times: user=0.04 sys=0.09, real=0.02 secs] 
2021-05-06T11:23:15.550-0800: 0.700: [GC (Allocation Failure) [PSYoungGen: 153085K->21498K(80384K)] 337653K->246206K(430080K), 0.0238950 secs] [Times: user=0.03 sys=0.09, real=0.02 secs] 
2021-05-06T11:23:15.583-0800: 0.733: [GC (Allocation Failure) [PSYoungGen: 79768K->40341K(116736K)] 304476K->267653K(466432K), 0.0056970 secs] [Times: user=0.03 sys=0.01, real=0.00 secs] 
2021-05-06T11:23:15.597-0800: 0.748: [GC (Allocation Failure) [PSYoungGen: 99008K->55527K(116736K)] 326320K->287035K(466432K), 0.0086286 secs] [Times: user=0.04 sys=0.01, real=0.01 secs] 
2021-05-06T11:23:15.616-0800: 0.767: [GC (Allocation Failure) [PSYoungGen: 114407K->57509K(116736K)] 345915K->299722K(466432K), 0.0120710 secs] [Times: user=0.04 sys=0.02, real=0.01 secs] 
2021-05-06T11:23:15.639-0800: 0.789: [GC (Allocation Failure) [PSYoungGen: 116389K->34964K(116736K)] 358602K->313540K(466432K), 0.0201195 secs] [Times: user=0.03 sys=0.08, real=0.02 secs] 
2021-05-06T11:23:15.669-0800: 0.819: [GC (Allocation Failure) [PSYoungGen: 93844K->23402K(116736K)] 372420K->333409K(466432K), 0.0166910 secs] [Times: user=0.03 sys=0.07, real=0.02 secs] 
2021-05-06T11:23:15.686-0800: 0.836: [Full GC (Ergonomics) [PSYoungGen: 23402K->0K(116736K)] [ParOldGen: 310007K->233938K(349696K)] 333409K->233938K(466432K), [Metaspace: 3189K->3189K(1056768K)], 0.0356176 secs] [Times: user=0.20 sys=0.01, real=0.04 secs] 
2021-05-06T11:23:15.732-0800: 0.883: [GC (Allocation Failure) [PSYoungGen: 58880K->16922K(116736K)] 292818K->250860K(466432K), 0.0020858 secs] [Times: user=0.01 sys=0.00, real=0.00 secs] 
2021-05-06T11:23:15.746-0800: 0.896: [GC (Allocation Failure) [PSYoungGen: 75802K->19474K(116736K)] 309740K->269878K(466432K), 0.0040886 secs] [Times: user=0.01 sys=0.00, real=0.01 secs] 
2021-05-06T11:23:15.759-0800: 0.909: [GC (Allocation Failure) [PSYoungGen: 77749K->18601K(116736K)] 328153K->287787K(466432K), 0.0041026 secs] [Times: user=0.02 sys=0.00, real=0.01 secs] 
2021-05-06T11:23:15.772-0800: 0.923: [GC (Allocation Failure) [PSYoungGen: 77481K->25566K(116736K)] 346667K->311932K(466432K), 0.0044716 secs] [Times: user=0.02 sys=0.00, real=0.00 secs] 
2021-05-06T11:23:15.786-0800: 0.936: [GC (Allocation Failure) [PSYoungGen: 84245K->18194K(116736K)] 370610K->327288K(466432K), 0.0051406 secs] [Times: user=0.02 sys=0.00, real=0.01 secs] 
2021-05-06T11:23:15.791-0800: 0.941: [Full GC (Ergonomics) [PSYoungGen: 18194K->0K(116736K)] [ParOldGen: 309093K->266592K(349696K)] 327288K->266592K(466432K), [Metaspace: 3189K->3189K(1056768K)], 0.0349904 secs] [Times: user=0.20 sys=0.00, real=0.03 secs] 
2021-05-06T11:23:15.838-0800: 0.988: [GC (Allocation Failure) [PSYoungGen: 58417K->19449K(116736K)] 325010K->286042K(466432K), 0.0027312 secs] [Times: user=0.01 sys=0.00, real=0.01 secs] 
2021-05-06T11:23:15.849-0800: 0.999: [GC (Allocation Failure) [PSYoungGen: 78125K->24726K(116736K)] 344718K->308612K(466432K), 0.0048071 secs] [Times: user=0.02 sys=0.00, real=0.01 secs] 
2021-05-06T11:23:15.864-0800: 1.014: [GC (Allocation Failure) [PSYoungGen: 83606K->19736K(116736K)] 367492K->327415K(466432K), 0.0053852 secs] [Times: user=0.03 sys=0.00, real=0.01 secs] 
2021-05-06T11:23:15.870-0800: 1.020: [Full GC (Ergonomics) [PSYoungGen: 19736K->0K(116736K)] [ParOldGen: 307678K->286099K(349696K)] 327415K->286099K(466432K), [Metaspace: 3189K->3189K(1056768K)], 0.0364956 secs] [Times: user=0.16 sys=0.01, real=0.03 secs] 
2021-05-06T11:23:15.945-0800: 1.095: [GC (Allocation Failure) [PSYoungGen: 58880K->23681K(116736K)] 344979K->309781K(466432K), 0.0048081 secs] [Times: user=0.02 sys=0.00, real=0.00 secs] 
2021-05-06T11:23:15.962-0800: 1.112: [GC (Allocation Failure) [PSYoungGen: 82561K->26254K(116736K)] 368661K->335277K(466432K), 0.0081773 secs] [Times: user=0.02 sys=0.00, real=0.01 secs] 
2021-05-06T11:23:15.982-0800: 1.132: [GC (Allocation Failure) [PSYoungGen: 85134K->21130K(116736K)] 394157K->355801K(466432K), 0.0124648 secs] [Times: user=0.02 sys=0.03, real=0.01 secs] 
2021-05-06T11:23:15.995-0800: 1.145: [Full GC (Ergonomics) [PSYoungGen: 21130K->0K(116736K)] [ParOldGen: 334670K->304260K(349696K)] 355801K->304260K(466432K), [Metaspace: 3189K->3189K(1056768K)], 0.0379886 secs] [Times: user=0.19 sys=0.00, real=0.04 secs] 
2021-05-06T11:23:16.045-0800: 1.195: [GC (Allocation Failure) [PSYoungGen: 58679K->21489K(116736K)] 362940K->325750K(466432K), 0.0035740 secs] [Times: user=0.01 sys=0.00, real=0.00 secs] 
2021-05-06T11:23:16.060-0800: 1.210: [GC (Allocation Failure) [PSYoungGen: 80210K->22565K(116736K)] 384471K->346896K(466432K), 0.0059343 secs] [Times: user=0.02 sys=0.00, real=0.00 secs] 
2021-05-06T11:23:16.066-0800: 1.216: [Full GC (Ergonomics) [PSYoungGen: 22565K->0K(116736K)] [ParOldGen: 324331K->313150K(349696K)] 346896K->313150K(466432K), [Metaspace: 3189K->3189K(1056768K)], 0.0406720 secs] [Times: user=0.17 sys=0.01, real=0.04 secs] 
2021-05-06T11:23:16.118-0800: 1.269: [Full GC (Ergonomics) [PSYoungGen: 58144K->0K(116736K)] [ParOldGen: 313150K->314630K(349696K)] 371294K->314630K(466432K), [Metaspace: 3189K->3189K(1056768K)], 0.0411596 secs] [Times: user=0.15 sys=0.00, real=0.05 secs] 
Heap
 PSYoungGen      total 116736K, used 3093K [0x00000007b5580000, 0x00000007c0000000, 0x00000007c0000000)
  eden space 58880K, 5% used [0x00000007b5580000,0x00000007b58855e0,0x00000007b8f00000)
  from space 57856K, 0% used [0x00000007bc780000,0x00000007bc780000,0x00000007c0000000)
  to   space 57856K, 0% used [0x00000007b8f00000,0x00000007b8f00000,0x00000007bc780000)
 ParOldGen       total 349696K, used 314630K [0x00000007a0000000, 0x00000007b5580000, 0x00000007b5580000)
  object space 349696K, 89% used [0x00000007a0000000,0x00000007b3341a40,0x00000007b5580000)
 Metaspace       used 3196K, capacity 4568K, committed 4864K, reserved 1056768K
  class space    used 345K, capacity 392K, committed 512K, reserved 1048576K
