Java HotSpot(TM) 64-Bit Server VM (25.192-b12) for bsd-amd64 JRE (1.8.0_192-b12), built on Oct  6 2018 09:36:52 by "java_re" with gcc 4.2.1 (Based on Apple Inc. build 5658) (LLVM build 2336.11.00)
Memory: 4k page, physical 16777216k(504332k free)

/proc/meminfo:

CommandLine flags: -XX:InitialHeapSize=536870912 -XX:MaxHeapSize=536870912 -XX:+PrintGC -XX:+PrintGCDateStamps -XX:+PrintGCDetails -XX:+PrintGCTimeStamps -XX:+UseCompressedClassPointers -XX:+UseCompressedOops -XX:+UseSerialGC 
2021-05-06T11:07:53.589-0800: 0.323: [GC (Allocation Failure) 2021-05-06T11:07:53.589-0800: 0.323: [DefNew: 139776K->17472K(157248K), 0.0356808 secs] 139776K->41208K(506816K), 0.0358072 secs] [Times: user=0.02 sys=0.02, real=0.04 secs] 
2021-05-06T11:07:53.653-0800: 0.387: [GC (Allocation Failure) 2021-05-06T11:07:53.653-0800: 0.387: [DefNew: 157156K->17471K(157248K), 0.0360652 secs] 180893K->82444K(506816K), 0.0361434 secs] [Times: user=0.02 sys=0.02, real=0.03 secs] 
2021-05-06T11:07:53.711-0800: 0.445: [GC (Allocation Failure) 2021-05-06T11:07:53.711-0800: 0.446: [DefNew: 157247K->17469K(157248K), 0.0333041 secs] 222220K->125406K(506816K), 0.0333921 secs] [Times: user=0.02 sys=0.01, real=0.03 secs] 
2021-05-06T11:07:53.766-0800: 0.501: [GC (Allocation Failure) 2021-05-06T11:07:53.766-0800: 0.501: [DefNew: 157113K->17472K(157248K), 0.0327596 secs] 265049K->171138K(506816K), 0.0328377 secs] [Times: user=0.02 sys=0.01, real=0.03 secs] 
2021-05-06T11:07:53.823-0800: 0.557: [GC (Allocation Failure) 2021-05-06T11:07:53.823-0800: 0.557: [DefNew: 156948K->17471K(157248K), 0.0310839 secs] 310615K->215612K(506816K), 0.0311659 secs] [Times: user=0.02 sys=0.02, real=0.03 secs] 
2021-05-06T11:07:53.878-0800: 0.613: [GC (Allocation Failure) 2021-05-06T11:07:53.878-0800: 0.613: [DefNew: 157247K->17469K(157248K), 0.0340149 secs] 355388K->256416K(506816K), 0.0341831 secs] [Times: user=0.02 sys=0.01, real=0.04 secs] 
2021-05-06T11:07:53.970-0800: 0.704: [GC (Allocation Failure) 2021-05-06T11:07:53.970-0800: 0.704: [DefNew: 157245K->17471K(157248K), 0.0409228 secs] 396192K->305669K(506816K), 0.0410212 secs] [Times: user=0.02 sys=0.02, real=0.04 secs] 
2021-05-06T11:07:54.039-0800: 0.774: [GC (Allocation Failure) 2021-05-06T11:07:54.039-0800: 0.774: [DefNew: 157247K->17471K(157248K), 0.0377664 secs] 445445K->351027K(506816K), 0.0378509 secs] [Times: user=0.02 sys=0.01, real=0.04 secs] 
2021-05-06T11:07:54.104-0800: 0.838: [GC (Allocation Failure) 2021-05-06T11:07:54.104-0800: 0.838: [DefNew: 157247K->157247K(157248K), 0.0000187 secs]2021-05-06T11:07:54.104-0800: 0.838: [Tenured: 333555K->274750K(349568K), 0.0665176 secs] 490803K->274750K(506816K), [Metaspace: 3187K->3187K(1056768K)], 0.0666279 secs] [Times: user=0.07 sys=0.00, real=0.07 secs] 
2021-05-06T11:07:54.193-0800: 0.927: [GC (Allocation Failure) 2021-05-06T11:07:54.193-0800: 0.927: [DefNew: 139776K->17471K(157248K), 0.0079799 secs] 414526K->322868K(506816K), 0.0080575 secs] [Times: user=0.01 sys=0.00, real=0.01 secs] 
2021-05-06T11:07:54.224-0800: 0.959: [GC (Allocation Failure) 2021-05-06T11:07:54.224-0800: 0.959: [DefNew: 157247K->157247K(157248K), 0.0000197 secs]2021-05-06T11:07:54.224-0800: 0.959: [Tenured: 305396K->303193K(349568K), 0.0487097 secs] 462644K->303193K(506816K), [Metaspace: 3187K->3187K(1056768K)], 0.0488163 secs] [Times: user=0.05 sys=0.01, real=0.05 secs] 
2021-05-06T11:07:54.295-0800: 1.030: [GC (Allocation Failure) 2021-05-06T11:07:54.295-0800: 1.030: [DefNew: 139410K->139410K(157248K), 0.0000209 secs]2021-05-06T11:07:54.295-0800: 1.030: [Tenured: 303193K->310920K(349568K), 0.0483686 secs] 442604K->310920K(506816K), [Metaspace: 3187K->3187K(1056768K)], 0.0484846 secs] [Times: user=0.05 sys=0.00, real=0.05 secs] 
2021-05-06T11:07:54.368-0800: 1.103: [GC (Allocation Failure) 2021-05-06T11:07:54.368-0800: 1.103: [DefNew: 139776K->139776K(157248K), 0.0000203 secs]2021-05-06T11:07:54.368-0800: 1.103: [Tenured: 310920K->296214K(349568K), 0.0871224 secs] 450696K->296214K(506816K), [Metaspace: 3187K->3187K(1056768K)], 0.0872586 secs] [Times: user=0.09 sys=0.00, real=0.09 secs] 
2021-05-06T11:07:54.485-0800: 1.219: [GC (Allocation Failure) 2021-05-06T11:07:54.485-0800: 1.219: [DefNew: 139776K->17470K(157248K), 0.0084197 secs] 435990K->346429K(506816K), 0.0085693 secs] [Times: user=0.01 sys=0.00, real=0.01 secs] 
Heap
 def new generation   total 157248K, used 23236K [0x00000007a0000000, 0x00000007aaaa0000, 0x00000007aaaa0000)
  eden space 139776K,   4% used [0x00000007a0000000, 0x00000007a05a1858, 0x00000007a8880000)
  from space 17472K,  99% used [0x00000007a8880000, 0x00000007a998fb80, 0x00000007a9990000)
  to   space 17472K,   0% used [0x00000007a9990000, 0x00000007a9990000, 0x00000007aaaa0000)
 tenured generation   total 349568K, used 328958K [0x00000007aaaa0000, 0x00000007c0000000, 0x00000007c0000000)
   the space 349568K,  94% used [0x00000007aaaa0000, 0x00000007bebdfa38, 0x00000007bebdfc00, 0x00000007c0000000)
 Metaspace       used 3193K, capacity 4568K, committed 4864K, reserved 1056768K
  class space    used 345K, capacity 392K, committed 512K, reserved 1048576K
